  Γû▓ Next.js 14.2.35
  - Environments: .env.local
  - Experiments (use with caution):
    ┬╖ esmExternals

   Creating an optimized production build ...
node.exe :  ΓÜá Failed to download the stylesheet for https
://fonts.googleapis.com/css2?family=Nunito:wght@400;500;600
;700;800&display=swap. Skipped optimizing this font.
At line:1 char:1
+ & "C:\Program Files\nodejs/node.exe" "C:\Program 
Files\nodejs/node_mo ...
+ ~~~~~~~~~~~~~~~~~~~~~~~~~~~~~~~~~~~~~~~~~~~~~~~~~~~~~~~~~
~~~~~~~~~~~~
    + CategoryInfo          : NotSpecified: ( ΓÜá Failed t 
   o ...zing this font.:String) [], RemoteException
    + FullyQualifiedErrorId : NativeCommandError
 
 Γ£ô Compiled successfully
   Linting and checking validity of types ...
Failed to compile.

./src/app/admin/quotations/page.tsx:24:3
Type error: 'AlertCircle' is declared but its value is 
never read.

[0m [90m 22 |[39m   [33mEye[39m[33m,[39m[0m
[0m [90m 23 |[39m   [33mTrash2[39m[33m,[39m[0m
[0m[31m[1m>[22m[39m[90m 24 |[39m   
[33mAlertCircle[39m[33m,[39m[0m
[0m [90m    |[39m   [31m[1m^[22m[39m[0m
[0m [90m 25 |[39m   [33mPlus[39m[33m,[39m[0m
[0m [90m 26 |[39m   [33mMinus[39m[0m
[0m [90m 27 |[39m } [36mfrom[39m 
[32m'lucide-react'[39m[33m;[39m[0m
Next.js build worker exited with code: 1 and signal: null
